// Jest Snapshot v1, https://goo.gl/fbAQLP

exports[`<CounterApp> it should show CounterApp 1`] = `
<div
  id="counter-component"
>
  <h1>
    CounterApp
  </h1>
  <h2>
    10
  </h2>
  <div>
    <button
      onClick={[Function]}
    >
      -1
    </button>
    <button
      onClick={[Function]}
    >
      reset
    </button>
    <button
      onClick={[Function]}
    >
      +1
    </button>
  </div>
</div>
`;
